[2026-08-28T22:40:33+08:00] 
[2026-08-28T22:40:33+08:00] --- Live capture log started at 2026-08-28T22:40:33+08:00: /home/rgmtc/Desktop/Radar-UREx/log/20260828_224033_livedatacapture.log ---
[2026-08-28T22:40:33+08:00] Inference evaluation logging enabled: path=/home/rgmtc/Desktop/Radar-UREx/log/20260828_224033_live_inference.jsonl, ground_truth=drone
[2026-08-28T22:40:33+08:00] Classification requested: device=cuda, artifacts=/home/rgmtc/Desktop/Radar-UREx/model_weights
[2026-08-28T22:40:33+08:00] Loaded radar config: RadarCaptureConfig(num_adc_samples=64, num_rx_channels=4, num_chirps_per_frame=384, bytes_per_frame=393216, iq_swap=True, channel_interleave=False, lvds_lanes=2, num_loops=128, num_chirps_per_loop=3, tx_channel_masks=(1, 4, 2), sample_rate_ksps=5000.0, frequency_slope_mhz_per_us=60.0, start_frequency_ghz=60.0, idle_time_us=7.0, ramp_end_time_us=32.0, frame_periodicity_ms=33.33, range_bias_m=0.1190787, rx_channel_compensation=((0.87565+0j), (-0.68629+0.13133j), (-0.68101+0.28645j), (0.7752-0.03156j), (0.51658-0.59936j), (-0.32232+0.66024j), (-0.23342+0.86559j), (0.39294-0.76367j), (0.44868-0.89369j), (-0.14162+0.77765j), (0.0345+0.84329j), (0.41645-0.86571j)), azimuth_bias_deg=-2.972753, elevation_bias_deg=0.1000456)
[2026-08-28T22:40:33+08:00] DSP backend: local SciPy/NumPy kernels
[2026-08-28T22:40:33+08:00] Loaded capture setup: CaptureSetupConfig(packet_sequence_enable=True, packet_delay_us=50, capture_hardware='DCA1000', config_used='profiles/mmwave.json')
[2026-08-28T22:40:36+08:00] Live display ready: backend=PyQtGraph/xcb, DISPLAY=:0, screen=DP-0, geometry=1200x700+360+173.
[2026-08-28T22:40:38+08:00] Found cached TensorRT FP16 engine: /home/rgmtc/Desktop/Radar-UREx/model_weights/generated/model_sm87_fp16.engine
[2026-08-28T22:40:38+08:00] Using cached TensorRT FP16 engine: /home/rgmtc/Desktop/Radar-UREx/model_weights/generated/model_sm87_fp16.engine
[2026-08-28T22:40:38+08:00] CNN classification enabled: artifacts=/home/rgmtc/Desktop/Radar-UREx/model_weights, device=cuda, threshold=0.692472, negative_training_class=bionic_bird
[2026-08-28T22:40:38+08:00] Saving processed radar output to /home/rgmtc/Desktop/Radar-UREx/dataset/uav/processed_capture_2026_08_28T22_40_26.jsonl
[2026-08-28T22:40:38+08:00] Performance telemetry logging enabled: path=/home/rgmtc/Desktop/Radar-UREx/log/20260828_224033_performance.jsonl
[2026-08-28T22:40:38+08:00] Clutter map enabled: warmup_update_rate=0.02, warmup=30 updates, minimum_snr=3 dB, post_warmup_updates=disabled
[2026-08-28T22:40:38+08:00] Static scene detection enabled: warmup=30 updates, reference=150 updates, minimum_change=3 dB, learned_noise_multiplier=2x, handoff_distance=0.4 m, background_update_rate=0. Keep the target absent until calibration is complete.
[2026-08-28T22:40:38+08:00] Radar frame processor ready.
[2026-08-28T22:40:38+08:00] Listening for live radar stream on 192.168.33.30:4098; bytes_per_frame=393216
[2026-08-28T22:40:38+08:00] DCA1000 setup: packet_sequence_enable=True, packet_delay_us=50
[2026-08-28T22:40:38+08:00] UDP socket receive buffer: requested=4194304B, actual=425984B
[2026-08-28T22:40:38+08:00] WARNING: The operating system granted less UDP receive buffering than requested. On Linux, raise the limit before capture with 'sudo sysctl -w net.core.rmem_max=4194304'.
[2026-08-28T22:40:38+08:00] UDP packet queue capacity: 8192 datagrams
[2026-08-28T22:40:38+08:00] Trigger frames now. Press Ctrl+C to stop.
[2026-08-28T22:40:46+08:00] stats: packets=45096, frames=166, invalid_frames=0, lost_packets=2, out_of_order=0, duplicates=0, byte_gaps=1/2912B, stream_resyncs=0, byte_overlaps=0/0B, malformed=0, receiver_queue_drops=0, processing_drops=0
[2026-08-28T22:40:46+08:00] stats: packets=45100, frames=167, invalid_frames=1, lost_packets=2, out_of_order=0, duplicates=0, byte_gaps=1/2912B, stream_resyncs=0, byte_overlaps=0/0B, malformed=0, receiver_queue_drops=0, processing_drops=0
[2026-08-28T22:41:00+08:00] stats: packets=158195, frames=585, invalid_frames=1, lost_packets=10, out_of_order=0, duplicates=0, byte_gaps=2/14560B, stream_resyncs=0, byte_overlaps=0/0B, malformed=0, receiver_queue_drops=0, processing_drops=0
[2026-08-28T22:41:00+08:00] stats: packets=158249, frames=586, invalid_frames=2, lost_packets=10, out_of_order=0, duplicates=0, byte_gaps=2/14560B, stream_resyncs=0, byte_overlaps=0/0B, malformed=0, receiver_queue_drops=0, processing_drops=0
[2026-08-28T22:41:04+08:00] stats: packets=189306, frames=701, invalid_frames=3, lost_packets=11, out_of_order=0, duplicates=0, byte_gaps=3/16016B, stream_resyncs=0, byte_overlaps=0/0B, malformed=0, receiver_queue_drops=0, processing_drops=0
[2026-08-28T22:41:34+08:00] stats: packets=434767, frames=1609, invalid_frames=3, lost_packets=25, out_of_order=0, duplicates=0, byte_gaps=4/36400B, stream_resyncs=0, byte_overlaps=0/0B, malformed=0, receiver_queue_drops=0, processing_drops=0
[2026-08-28T22:41:34+08:00] stats: packets=434782, frames=1610, invalid_frames=4, lost_packets=25, out_of_order=0, duplicates=0, byte_gaps=4/36400B, stream_resyncs=0, byte_overlaps=0/0B, malformed=0, receiver_queue_drops=0, processing_drops=0
[2026-08-28T22:42:02+08:00] stats: packets=658874, frames=2439, invalid_frames=4, lost_packets=52, out_of_order=0, duplicates=0, byte_gaps=5/75712B, stream_resyncs=0, byte_overlaps=0/0B, malformed=0, receiver_queue_drops=0, processing_drops=0
[2026-08-28T22:42:02+08:00] stats: packets=658909, frames=2440, invalid_frames=5, lost_packets=52, out_of_order=0, duplicates=0, byte_gaps=5/75712B, stream_resyncs=0, byte_overlaps=0/0B, malformed=0, receiver_queue_drops=0, processing_drops=0
[2026-08-28T22:42:26+08:00] stats: packets=851692, frames=3153, invalid_frames=5, lost_packets=94, out_of_order=0, duplicates=0, byte_gaps=6/136864B, stream_resyncs=0, byte_overlaps=0/0B, malformed=0, receiver_queue_drops=0, processing_drops=0
[2026-08-28T22:42:26+08:00] stats: packets=851694, frames=3154, invalid_frames=6, lost_packets=94, out_of_order=0, duplicates=0, byte_gaps=6/136864B, stream_resyncs=0, byte_overlaps=0/0B, malformed=0, receiver_queue_drops=0, processing_drops=0
[2026-08-28T22:42:30+08:00] stats: packets=883000, frames=3270, invalid_frames=7, lost_packets=116, out_of_order=0, duplicates=0, byte_gaps=7/168896B, stream_resyncs=0, byte_overlaps=0/0B, malformed=0, receiver_queue_drops=0, processing_drops=0
[2026-08-28T22:42:46+08:00] stats: packets=1015528, frames=3760, invalid_frames=7, lost_packets=130, out_of_order=0, duplicates=0, byte_gaps=8/189280B, stream_resyncs=0, byte_overlaps=0/0B, malformed=0, receiver_queue_drops=0, processing_drops=0
[2026-08-28T22:42:46+08:00] stats: packets=1015588, frames=3761, invalid_frames=8, lost_packets=130, out_of_order=0, duplicates=0, byte_gaps=8/189280B, stream_resyncs=0, byte_overlaps=0/0B, malformed=0, receiver_queue_drops=0, processing_drops=0
[2026-08-28T22:42:46+08:00] stats: packets=1016055, frames=3762, invalid_frames=8, lost_packets=160, out_of_order=0, duplicates=0, byte_gaps=9/232960B, stream_resyncs=0, byte_overlaps=0/0B, malformed=0, receiver_queue_drops=0, processing_drops=0
[2026-08-28T22:42:46+08:00] stats: packets=1016099, frames=3763, invalid_frames=9, lost_packets=160, out_of_order=0, duplicates=0, byte_gaps=9/232960B, stream_resyncs=0, byte_overlaps=0/0B, malformed=0, receiver_queue_drops=0, processing_drops=0
[2026-08-28T22:42:46+08:00] stats: packets=1016565, frames=3765, invalid_frames=10, lost_packets=234, out_of_order=0, duplicates=0, byte_gaps=10/340704B, stream_resyncs=0, byte_overlaps=0/0B, malformed=0, receiver_queue_drops=0, processing_drops=0
[2026-08-28T22:42:46+08:00] stats: packets=1016662, frames=3765, invalid_frames=10, lost_packets=252, out_of_order=0, duplicates=0, byte_gaps=11/366912B, stream_resyncs=0, byte_overlaps=0/0B, malformed=0, receiver_queue_drops=0, processing_drops=0
[2026-08-28T22:42:46+08:00] stats: packets=1016817, frames=3766, invalid_frames=11, lost_packets=252, out_of_order=0, duplicates=0, byte_gaps=11/366912B, stream_resyncs=0, byte_overlaps=0/0B, malformed=0, receiver_queue_drops=0, processing_drops=0
[2026-08-28T22:42:50+08:00] stats: packets=1045667, frames=3872, invalid_frames=11, lost_packets=281, out_of_order=0, duplicates=0, byte_gaps=12/409136B, stream_resyncs=0, byte_overlaps=0/0B, malformed=0, receiver_queue_drops=0, processing_drops=0
[2026-08-28T22:42:50+08:00] stats: packets=1045685, frames=3873, invalid_frames=12, lost_packets=281, out_of_order=0, duplicates=0, byte_gaps=12/409136B, stream_resyncs=0, byte_overlaps=0/0B, malformed=0, receiver_queue_drops=0, processing_drops=0
[2026-08-28T22:43:35+08:00] stats: packets=1409945, frames=5222, invalid_frames=13, lost_packets=340, out_of_order=0, duplicates=0, byte_gaps=13/495040B, stream_resyncs=0, byte_overlaps=0/0B, malformed=0, receiver_queue_drops=0, processing_drops=0
[2026-08-28T22:43:41+08:00] stats: packets=1459090, frames=5404, invalid_frames=14, lost_packets=347, out_of_order=0, duplicates=0, byte_gaps=14/505232B, stream_resyncs=0, byte_overlaps=0/0B, malformed=0, receiver_queue_drops=0, processing_drops=0
[2026-08-28T22:43:46+08:00] stats: packets=1501198, frames=5560, invalid_frames=15, lost_packets=369, out_of_order=0, duplicates=0, byte_gaps=15/537264B, stream_resyncs=0, byte_overlaps=0/0B, malformed=0, receiver_queue_drops=0, processing_drops=0
[2026-08-28T22:44:08+08:00] stats: packets=1677213, frames=6211, invalid_frames=15, lost_packets=372, out_of_order=0, duplicates=0, byte_gaps=16/541632B, stream_resyncs=0, byte_overlaps=0/0B, malformed=0, receiver_queue_drops=0, processing_drops=0
[2026-08-28T22:44:08+08:00] stats: packets=1677278, frames=6212, invalid_frames=16, lost_packets=372, out_of_order=0, duplicates=0, byte_gaps=16/541632B, stream_resyncs=0, byte_overlaps=0/0B, malformed=0, receiver_queue_drops=0, processing_drops=0
[2026-08-28T22:44:19+08:00] stats: packets=1767140, frames=6544, invalid_frames=16, lost_packets=376, out_of_order=0, duplicates=0, byte_gaps=17/547456B, stream_resyncs=0, byte_overlaps=0/0B, malformed=0, receiver_queue_drops=0, processing_drops=0
[2026-08-28T22:44:19+08:00] stats: packets=1767169, frames=6544, invalid_frames=16, lost_packets=395, out_of_order=0, duplicates=0, byte_gaps=18/575120B, stream_resyncs=0, byte_overlaps=0/0B, malformed=0, receiver_queue_drops=0, processing_drops=0
[2026-08-28T22:44:19+08:00] stats: packets=1767187, frames=6545, invalid_frames=17, lost_packets=395, out_of_order=0, duplicates=0, byte_gaps=18/575120B, stream_resyncs=0, byte_overlaps=0/0B, malformed=0, receiver_queue_drops=0, processing_drops=0
[2026-08-28T22:44:30+08:00] stats: packets=1858137, frames=6881, invalid_frames=17, lost_packets=451, out_of_order=0, duplicates=0, byte_gaps=19/656656B, stream_resyncs=0, byte_overlaps=0/0B, malformed=0, receiver_queue_drops=0, processing_drops=0
[2026-08-28T22:44:30+08:00] stats: packets=1858143, frames=6882, invalid_frames=18, lost_packets=451, out_of_order=0, duplicates=0, byte_gaps=19/656656B, stream_resyncs=0, byte_overlaps=0/0B, malformed=0, receiver_queue_drops=0, processing_drops=0
[2026-08-28T22:44:48+08:00] stats: packets=2002353, frames=7416, invalid_frames=19, lost_packets=456, out_of_order=0, duplicates=0, byte_gaps=20/663936B, stream_resyncs=0, byte_overlaps=0/0B, malformed=0, receiver_queue_drops=0, processing_drops=0
[2026-08-28T22:44:49+08:00] stats: packets=2011462, frames=7449, invalid_frames=19, lost_packets=501, out_of_order=0, duplicates=0, byte_gaps=21/729456B, stream_resyncs=0, byte_overlaps=0/0B, malformed=0, receiver_queue_drops=0, processing_drops=0
[2026-08-28T22:44:49+08:00] stats: packets=2011491, frames=7450, invalid_frames=20, lost_packets=501, out_of_order=0, duplicates=0, byte_gaps=21/729456B, stream_resyncs=0, byte_overlaps=0/0B, malformed=0, receiver_queue_drops=0, processing_drops=0
[2026-08-28T22:45:05+08:00] stats: packets=2136241, frames=7912, invalid_frames=21, lost_packets=521, out_of_order=0, duplicates=0, byte_gaps=22/758576B, stream_resyncs=0, byte_overlaps=0/0B, malformed=0, receiver_queue_drops=0, processing_drops=0
[2026-08-28T22:45:21+08:00] stats: packets=2271470, frames=8412, invalid_frames=21, lost_packets=550, out_of_order=0, duplicates=0, byte_gaps=23/800800B, stream_resyncs=0, byte_overlaps=0/0B, malformed=0, receiver_queue_drops=0, processing_drops=0
[2026-08-28T22:45:21+08:00] stats: packets=2271515, frames=8413, invalid_frames=22, lost_packets=550, out_of_order=0, duplicates=0, byte_gaps=23/800800B, stream_resyncs=0, byte_overlaps=0/0B, malformed=0, receiver_queue_drops=0, processing_drops=0
[2026-08-28T22:45:21+08:00] stats: packets=2272322, frames=8416, invalid_frames=23, lost_packets=553, out_of_order=0, duplicates=0, byte_gaps=24/805168B, stream_resyncs=0, byte_overlaps=0/0B, malformed=0, receiver_queue_drops=0, processing_drops=0
[2026-08-28T22:45:38+08:00] Streaming stopped.
[2026-08-28T22:45:39+08:00] Capture summary: packets=2408705, frames=8920, valid_frames=8897, invalid_frames=23, queued_frames=8897, lost_packets=553, receiver_queue_drops=0, processing_drops=0, stream_resyncs=0
[2026-08-28T22:45:39+08:00] Shutting down capture pipeline...
[2026-08-28T22:45:41+08:00] Processed radar output saved: updates=8897, path=/home/rgmtc/Desktop/Radar-UREx/dataset/uav/processed_capture_2026_08_28T22_40_26.jsonl
[2026-08-28T22:45:41+08:00] Inference evaluation log: /home/rgmtc/Desktop/Radar-UREx/log/20260828_224033_live_inference.jsonl
[2026-08-28T22:45:41+08:00] Inference evaluation summary: accuracy=0.8190, drone=0.8190, not_drone=n/a, coverage=0.8894, resets=843, effective_resets=2
[2026-08-28T22:45:41+08:00] Aggregate inference evaluation: runs=2, accuracy=0.9109, drone=0.9109, not_drone=n/a
[2026-08-28T22:45:41+08:00] Performance telemetry saved: frames=8897, path=/home/rgmtc/Desktop/Radar-UREx/log/20260828_224033_performance.jsonl
[2026-08-28T22:45:41+08:00] Static detection summary: candidate_points=276829, full_updates=6086, skipped_inactive_updates=2811, local_cluster_points_mean=2.7, local_cluster_points_max=14, handoff_pending_updates=735, validated_updates=5125
[2026-08-28T22:45:41+08:00] Processing timing summary: frame_decode=p50:1.42ms/p95:2.41ms/max:9.59ms, range_fft=p50:1.41ms/p95:3.59ms/max:15.86ms, doppler=p50:1.85ms/p95:3.59ms/max:16.16ms, dynamic_detection=p50:4.39ms/p95:7.44ms/max:22.01ms, static_detection=p50:9.94ms/p95:13.48ms/max:41.80ms, clustering=p50:0.63ms/p95:0.93ms/max:3.71ms, micro_doppler=p50:3.35ms/p95:6.04ms/max:16.15ms, classification=p50:2.49ms/p95:4.07ms/max:12.83ms, serialization=p50:0.80ms/p95:1.01ms/max:6.18ms, total=p50:25.80ms/p95:32.51ms/max:79.18ms
[2026-08-28T22:45:41+08:00] Processing summary: valid_frames=8897, queued_frames=8897, processed_frames=8897, processing_drops=0
[2026-08-28T22:45:41+08:00] Live display closed.
[2026-08-28T22:45:41+08:00] Display summary: rendered_updates=8451, coalesced_updates=446, radar_frame_redraw_coverage=94.742%, radar_frames_without_dedicated_redraw=469/8920. This is GUI cadence, not capture or processing loss.
[2026-08-28T22:45:41+08:00] Capture pipeline shutdown complete.
[2026-08-28T22:45:41+08:00] --- Live capture log ended at 2026-08-28T22:45:41+08:00 ---
