[2026-08-28T15:29:41+08:00] 
[2026-08-28T15:29:41+08:00] --- Live capture log started at 2026-08-28T15:29:41+08:00: /home/rgmtc/Desktop/Radar-UREx/log/livedatacapture.log ---
[2026-08-28T15:29:41+08:00] Inference evaluation logging enabled: path=/home/rgmtc/Desktop/Radar-UREx/log/live_inference_20260828_152941_961192.jsonl, ground_truth=drone
[2026-08-28T15:29:41+08:00] Classification requested: device=cuda, artifacts=/home/rgmtc/Desktop/Radar-UREx/model_weights
[2026-08-28T15:29:41+08:00] Loaded radar config: RadarCaptureConfig(num_adc_samples=64, num_rx_channels=4, num_chirps_per_frame=384, bytes_per_frame=393216, iq_swap=True, channel_interleave=False, lvds_lanes=2, num_loops=128, num_chirps_per_loop=3, tx_channel_masks=(1, 4, 2), sample_rate_ksps=5000.0, frequency_slope_mhz_per_us=60.0, start_frequency_ghz=60.0, idle_time_us=7.0, ramp_end_time_us=32.0, frame_periodicity_ms=33.33, range_bias_m=0.1190787, rx_channel_compensation=((0.87565+0j), (-0.68629+0.13133j), (-0.68101+0.28645j), (0.7752-0.03156j), (0.51658-0.59936j), (-0.32232+0.66024j), (-0.23342+0.86559j), (0.39294-0.76367j), (0.44868-0.89369j), (-0.14162+0.77765j), (0.0345+0.84329j), (0.41645-0.86571j)), azimuth_bias_deg=-2.972753, elevation_bias_deg=0.1000456)
[2026-08-28T15:29:41+08:00] DSP backend: local SciPy/NumPy kernels
[2026-08-28T15:29:41+08:00] Loaded capture setup: CaptureSetupConfig(packet_sequence_enable=True, packet_delay_us=50, capture_hardware='DCA1000', config_used='profiles/mmwave.json')
[2026-08-28T15:29:45+08:00] Live display ready: backend=PyQtGraph/xcb, DISPLAY=:0, screen=DP-0, geometry=1200x700+360+173.
[2026-08-28T15:29:47+08:00] Found cached TensorRT FP16 engine: /home/rgmtc/Desktop/Radar-UREx/model_weights/generated/model_sm87_fp16.engine
[2026-08-28T15:29:47+08:00] Using cached TensorRT FP16 engine: /home/rgmtc/Desktop/Radar-UREx/model_weights/generated/model_sm87_fp16.engine
[2026-08-28T15:29:47+08:00] CNN classification enabled: artifacts=/home/rgmtc/Desktop/Radar-UREx/model_weights, device=cuda, threshold=0.692472, negative_training_class=bionic_bird
[2026-08-28T15:29:47+08:00] Saving processed radar output to /home/rgmtc/Desktop/Radar-UREx/dataset/uav/processed_capture_2026_08_28T15_29_32.jsonl
[2026-08-28T15:29:47+08:00] Performance telemetry logging enabled: path=/home/rgmtc/Desktop/Radar-UREx/log/performance_2026_08_28T15_29_41.jsonl
[2026-08-28T15:29:47+08:00] Clutter map enabled: warmup_update_rate=0.02, warmup=30 updates, minimum_snr=3 dB, post_warmup_updates=disabled
[2026-08-28T15:29:47+08:00] Static scene detection enabled: warmup=30 updates, reference=150 updates, minimum_change=3 dB, learned_noise_multiplier=2x, handoff_distance=0.4 m, background_update_rate=0. Keep the target absent until calibration is complete.
[2026-08-28T15:29:47+08:00] Radar frame processor ready.
[2026-08-28T15:29:47+08:00] Listening for live radar stream on 192.168.33.30:4098; bytes_per_frame=393216
[2026-08-28T15:29:47+08:00] DCA1000 setup: packet_sequence_enable=True, packet_delay_us=50
[2026-08-28T15:29:47+08:00] UDP socket receive buffer: requested=4194304B, actual=425984B
[2026-08-28T15:29:47+08:00] WARNING: The operating system granted less UDP receive buffering than requested. On Linux, raise the limit before capture with 'sudo sysctl -w net.core.rmem_max=4194304'.
[2026-08-28T15:29:47+08:00] UDP packet queue capacity: 8192 datagrams
[2026-08-28T15:29:47+08:00] Trigger frames now. Press Ctrl+C to stop.
[2026-08-28T15:30:46+08:00] stats: packets=458783, frames=1698, invalid_frames=0, lost_packets=41, out_of_order=0, duplicates=0, byte_gaps=1/59696B, stream_resyncs=0, byte_overlaps=0/0B, malformed=0, receiver_queue_drops=0, processing_drops=0
[2026-08-28T15:30:46+08:00] stats: packets=458802, frames=1699, invalid_frames=1, lost_packets=41, out_of_order=0, duplicates=0, byte_gaps=1/59696B, stream_resyncs=0, byte_overlaps=0/0B, malformed=0, receiver_queue_drops=0, processing_drops=0
[2026-08-28T15:30:52+08:00] stats: packets=504931, frames=1869, invalid_frames=1, lost_packets=85, out_of_order=0, duplicates=0, byte_gaps=2/123760B, stream_resyncs=0, byte_overlaps=0/0B, malformed=0, receiver_queue_drops=0, processing_drops=0
[2026-08-28T15:30:52+08:00] stats: packets=504939, frames=1870, invalid_frames=2, lost_packets=85, out_of_order=0, duplicates=0, byte_gaps=2/123760B, stream_resyncs=0, byte_overlaps=0/0B, malformed=0, receiver_queue_drops=0, processing_drops=0
[2026-08-28T15:30:52+08:00] stats: packets=506485, frames=1876, invalid_frames=3, lost_packets=159, out_of_order=0, duplicates=0, byte_gaps=3/231504B, stream_resyncs=0, byte_overlaps=0/0B, malformed=0, receiver_queue_drops=0, processing_drops=0
[2026-08-28T15:30:55+08:00] stats: packets=527785, frames=1954, invalid_frames=3, lost_packets=191, out_of_order=0, duplicates=0, byte_gaps=4/278096B, stream_resyncs=0, byte_overlaps=0/0B, malformed=0, receiver_queue_drops=0, processing_drops=0
[2026-08-28T15:30:55+08:00] stats: packets=527788, frames=1955, invalid_frames=4, lost_packets=191, out_of_order=0, duplicates=0, byte_gaps=4/278096B, stream_resyncs=0, byte_overlaps=0/0B, malformed=0, receiver_queue_drops=0, processing_drops=0
[2026-08-28T15:30:56+08:00] stats: packets=533452, frames=1976, invalid_frames=5, lost_packets=199, out_of_order=0, duplicates=0, byte_gaps=5/289744B, stream_resyncs=0, byte_overlaps=0/0B, malformed=0, receiver_queue_drops=0, processing_drops=0
[2026-08-28T15:31:05+08:00] stats: packets=613632, frames=2272, invalid_frames=5, lost_packets=214, out_of_order=0, duplicates=0, byte_gaps=6/311584B, stream_resyncs=0, byte_overlaps=0/0B, malformed=0, receiver_queue_drops=0, processing_drops=0
[2026-08-28T15:31:05+08:00] stats: packets=613646, frames=2273, invalid_frames=6, lost_packets=214, out_of_order=0, duplicates=0, byte_gaps=6/311584B, stream_resyncs=0, byte_overlaps=0/0B, malformed=0, receiver_queue_drops=0, processing_drops=0
[2026-08-28T15:32:53+08:00] stats: packets=1481351, frames=5486, invalid_frames=7, lost_packets=231, out_of_order=0, duplicates=0, byte_gaps=7/336336B, stream_resyncs=0, byte_overlaps=0/0B, malformed=0, receiver_queue_drops=0, processing_drops=0
[2026-08-28T15:33:02+08:00] stats: packets=1556638, frames=5764, invalid_frames=7, lost_packets=246, out_of_order=0, duplicates=0, byte_gaps=8/358176B, stream_resyncs=0, byte_overlaps=0/0B, malformed=0, receiver_queue_drops=0, processing_drops=0
[2026-08-28T15:33:02+08:00] stats: packets=1556685, frames=5765, invalid_frames=8, lost_packets=246, out_of_order=0, duplicates=0, byte_gaps=8/358176B, stream_resyncs=0, byte_overlaps=0/0B, malformed=0, receiver_queue_drops=0, processing_drops=0
[2026-08-28T15:33:21+08:00] stats: packets=1708118, frames=6325, invalid_frames=8, lost_packets=269, out_of_order=0, duplicates=0, byte_gaps=9/391664B, stream_resyncs=0, byte_overlaps=0/0B, malformed=0, receiver_queue_drops=0, processing_drops=0
[2026-08-28T15:33:21+08:00] stats: packets=1708166, frames=6326, invalid_frames=9, lost_packets=272, out_of_order=0, duplicates=0, byte_gaps=10/396032B, stream_resyncs=0, byte_overlaps=0/0B, malformed=0, receiver_queue_drops=0, processing_drops=0
[2026-08-28T15:33:21+08:00] stats: packets=1709712, frames=6331, invalid_frames=9, lost_packets=308, out_of_order=0, duplicates=0, byte_gaps=11/448448B, stream_resyncs=0, byte_overlaps=0/0B, malformed=0, receiver_queue_drops=0, processing_drops=0
[2026-08-28T15:33:21+08:00] stats: packets=1709750, frames=6332, invalid_frames=10, lost_packets=308, out_of_order=0, duplicates=0, byte_gaps=11/448448B, stream_resyncs=0, byte_overlaps=0/0B, malformed=0, receiver_queue_drops=0, processing_drops=0
[2026-08-28T15:33:51+08:00] stats: packets=1958200, frames=7251, invalid_frames=10, lost_packets=311, out_of_order=0, duplicates=0, byte_gaps=12/452816B, stream_resyncs=0, byte_overlaps=0/0B, malformed=0, receiver_queue_drops=0, processing_drops=0
[2026-08-28T15:33:51+08:00] stats: packets=1958208, frames=7252, invalid_frames=11, lost_packets=311, out_of_order=0, duplicates=0, byte_gaps=12/452816B, stream_resyncs=0, byte_overlaps=0/0B, malformed=0, receiver_queue_drops=0, processing_drops=0
[2026-08-28T15:34:20+08:00] stats: packets=2192068, frames=8117, invalid_frames=11, lost_packets=316, out_of_order=0, duplicates=0, byte_gaps=13/460096B, stream_resyncs=0, byte_overlaps=0/0B, malformed=0, receiver_queue_drops=0, processing_drops=0
[2026-08-28T15:34:20+08:00] stats: packets=2192080, frames=8118, invalid_frames=12, lost_packets=316, out_of_order=0, duplicates=0, byte_gaps=13/460096B, stream_resyncs=0, byte_overlaps=0/0B, malformed=0, receiver_queue_drops=0, processing_drops=0
[2026-08-28T15:34:32+08:00] stats: packets=2289840, frames=8480, invalid_frames=13, lost_packets=320, out_of_order=0, duplicates=0, byte_gaps=14/465920B, stream_resyncs=0, byte_overlaps=0/0B, malformed=0, receiver_queue_drops=0, processing_drops=0
[2026-08-28T15:34:47+08:00] Streaming stopped.
[2026-08-28T15:34:47+08:00] Capture summary: packets=2408398, frames=8918, valid_frames=8905, invalid_frames=13, queued_frames=8905, lost_packets=320, receiver_queue_drops=0, processing_drops=0, stream_resyncs=0
[2026-08-28T15:34:47+08:00] Shutting down capture pipeline...
[2026-08-28T15:34:49+08:00] Processed radar output saved: updates=8905, path=/home/rgmtc/Desktop/Radar-UREx/dataset/uav/processed_capture_2026_08_28T15_29_32.jsonl
[2026-08-28T15:34:49+08:00] Inference evaluation log: /home/rgmtc/Desktop/Radar-UREx/log/live_inference_20260828_152941_961192.jsonl
[2026-08-28T15:34:49+08:00] Inference evaluation summary: accuracy=0.9980, drone=0.9980, not_drone=n/a, coverage=0.9370, resets=514, effective_resets=0
[2026-08-28T15:34:49+08:00] Aggregate inference evaluation: runs=1, accuracy=0.9980, drone=0.9980, not_drone=n/a
[2026-08-28T15:34:49+08:00] Performance telemetry saved: frames=8905, path=/home/rgmtc/Desktop/Radar-UREx/log/performance_2026_08_28T15_29_41.jsonl
[2026-08-28T15:34:49+08:00] Static detection summary: candidate_points=426564, full_updates=5910, skipped_inactive_updates=2995, local_cluster_points_mean=7.5, local_cluster_points_max=26, handoff_pending_updates=51, validated_updates=5633
[2026-08-28T15:34:49+08:00] Processing timing summary: frame_decode=p50:1.43ms/p95:2.13ms/max:10.81ms, range_fft=p50:1.07ms/p95:2.91ms/max:12.79ms, doppler=p50:1.32ms/p95:2.92ms/max:13.37ms, dynamic_detection=p50:4.48ms/p95:7.20ms/max:17.19ms, static_detection=p50:9.53ms/p95:12.61ms/max:53.19ms, clustering=p50:0.77ms/p95:1.26ms/max:5.50ms, micro_doppler=p50:3.37ms/p95:6.02ms/max:27.25ms, classification=p50:2.48ms/p95:4.16ms/max:13.85ms, serialization=p50:0.81ms/p95:1.07ms/max:5.79ms, total=p50:24.85ms/p95:30.69ms/max:98.87ms
[2026-08-28T15:34:49+08:00] Processing summary: valid_frames=8905, queued_frames=8905, processed_frames=8905, processing_drops=0
[2026-08-28T15:34:49+08:00] Live display closed.
[2026-08-28T15:34:49+08:00] Display summary: rendered_updates=8529, coalesced_updates=376, radar_frame_redraw_coverage=95.638%, radar_frames_without_dedicated_redraw=389/8918. This is GUI cadence, not capture or processing loss.
[2026-08-28T15:34:49+08:00] Capture pipeline shutdown complete.
[2026-08-28T15:34:49+08:00] --- Live capture log ended at 2026-08-28T15:34:49+08:00 ---
